[m.colincowie.com/index.html]
[backblue.gif]
[fade.gif]
[index.html]
[m.colincowie.com/jquery-ui.css]
[m.colincowie.com/style.css]
[m.colincowie.com/js/jquery-1.11.1.min.js]
[m.colincowie.com/js/transit.js]
[m.colincowie.com/js/custom.js]
[m.colincowie.com/js/modernizr.custom.js]
[m.colincowie.com/slider/refineslide.css]
[m.colincowie.com/slider/refineslide-theme-dark.css]
[m.colincowie.com/js/jquery.mCustomScrollbar.concat.min.js]
[m.colincowie.com/js/jquery.mCustomScrollbar.css]
[dev.m.colincowie.com/fonts/183106/FD4BA651226B0C74A.css]
[m.colincowie.com/default.html]
[m.colincowie.com/featured-venues.html]
[m.colincowie.com/testimonials.html]
[m.colincowie.com/weddings.html]
[m.colincowie.com/celebrations.html]
[m.colincowie.com/partnerships.html]
[m.colincowie.com/party-plus.html]
[m.colincowie.com/js/jquery-ui.js]
[m.colincowie.com/how-we-work.html]
[m.colincowie.com/corporate.html]
[m.colincowie.com/gallery.html]
[m.colincowie.com/about.html]
[m.colincowie.com/philanthropy.html]
[m.colincowie.com/event-inquiry.html]
[m.colincowie.com/contact.html]
[m.colincowie.com/img/2.jpg]
[m.colincowie.com/img/mobile/02-corporate.jpg]
[m.colincowie.com/img/mobile/09-inspiration.jpg]
[m.colincowie.com/img/mobile/03-ourwork.jpg]
[m.colincowie.com/img/mobile/04-aboutcolin.jpg]
[m.colincowie.com/img/mobile/05-philanthropy.jpg]
[m.colincowie.com/img/mobile/06-contact.jpg]
[m.colincowie.com/img/social/facebook@2x.png]
[m.colincowie.com/img/social/twitter@2x.png]
[www.google-analytics.com/analytics.js]
[pixel.quantserve.com/pixel/p-AESZ-fKpcpAtq.gif]
[m.colincowie.com/slider/modernizr.js]
[m.colincowie.com/slider/jquery.refineslide.js]
[m.colincowie.com/js/classie.js]
[m.colincowie.com/js/sidebarEffects.js]
[m.colincowie.com/js/swipe.js]
[m.colincowie.com/index.html]
[m.colincowie.com/img/cc-logo-main@2x.png]
[m.colincowie.com/img/icon/nav_button.png]
[m.colincowie.com/img/icon/nav/loggedin.png]
[m.colincowie.com/img/icon/nav/home.png]
[m.colincowie.com/img/icon/nav/portfolio.png]
[m.colincowie.com/img/icon/nav/services.png]
[m.colincowie.com/img/icon/nav/blog.png]
[m.colincowie.com/img/icon/nav/gallery.png]
[m.colincowie.com/img/icon/nav/typo.png]
[m.colincowie.com/img/icon/nav/aboutus.png]
[m.colincowie.com/img/icon/nav/aboutme.png]
[m.colincowie.com/img/icon/nav/contact.png]
[m.colincowie.com/img/icon/nav/camera.png]
[m.colincowie.com/img/noimg/big_noimg.png]
[m.colincowie.com/img/icon/time.png]
[m.colincowie.com/img/icon/browser.png]
[m.colincowie.com/img/icon/stats.png]
[m.colincowie.com/img/icon/creative.png]
[m.colincowie.com/img/icon/graphic.png]
[m.colincowie.com/img/icon/phone.png]
[m.colincowie.com/lib/loader.gif]
[m.colincowie.com/lib/error.gif]
[m.colincowie.com/lib/icons.png]
[m.colincowie.com/lib/icons@2x.png]
[m.colincowie.com/img/quote.png]
[m.colincowie.com/img/person.png]
[m.colincowie.com/style.css]
[dev.m.colincowie.com/fonts/183106/FD4BA651226B0C74A.css]
[m.colincowie.com/img/animated-overlay.gif]
[m.colincowie.com/img/ui-bg_flat_75_ffffff_40x100.png]
[m.colincowie.com/img/ui-bg_highlight-soft_75_cccccc_1x100.png]
[m.colincowie.com/img/ui-bg_flat_75_e6e6e6_40x100.png]
[m.colincowie.com/img/ui-bg_flat_75_dadada_40x100.png]
[m.colincowie.com/img/ui-bg_flat_65_ffffff_40x100.png]
[m.colincowie.com/img/ui-bg_flat_55_fbf9ee_40x100.png]
[m.colincowie.com/img/ui-bg_glass_95_fef1ec_1x400.png]
[m.colincowie.com/img/ui-icons_222222_256x240.png]
[m.colincowie.com/img/ui-icons_888888_256x240.png]
[m.colincowie.com/img/ui-icons_454545_256x240.png]
[m.colincowie.com/img/ui-icons_2e83ff_256x240.png]
[m.colincowie.com/img/ui-icons_cd0a0a_256x240.png]
[m.colincowie.com/img/ui-bg_flat_0_aaaaaa_40x100.png]
[m.colincowie.com/jquery-ui.css]
[m.colincowie.com/js/jquery-1.11.1.min.js]
[m.colincowie.com/js/transit.js]
[m.colincowie.com/js/custom.js]
[m.colincowie.com/js/modernizr.custom.js]
[m.colincowie.com/slider/refineslide.css]
[m.colincowie.com/img/black10.png]
[m.colincowie.com/img/black60.png]
[m.colincowie.com/slider/refineslide-theme-dark.css]
[m.colincowie.com/js/jquery.mCustomScrollbar.concat.min.js]
[m.colincowie.com/js/jquery.mCustomScrollbar.css]
[m.colincowie.com/js/jquery-ui.js]
[m.colincowie.com/img/3.jpg]
[m.colincowie.com/default.html]
[m.colincowie.com/celebrations.html]
[m.colincowie.com/photoswipe_clean/photoswipe.css]
[m.colincowie.com/photoswipe_clean/lib/simple-inheritance.min.js]
[m.colincowie.com/photoswipe_clean/code-photoswipe-1.0.11.min.js]
[m.colincowie.com/venue-images/bcr/1.jpg]
[m.colincowie.com/featured-venues7ffe.html]
[m.colincowie.com/venue-images/logos/bcr.png]
[m.colincowie.com/featured-venues335f.html]
[m.colincowie.com/venue-images/logos/dorado.png]
[m.colincowie.com/featured-venues69b0.html]
[m.colincowie.com/venue-images/logos/lesereno.png]
[m.colincowie.com/featured-venuesd059.html]
[m.colincowie.com/venue-images/logos/ilsereno.png]
[m.colincowie.com/featured-venues2dcb.html]
[m.colincowie.com/venue-images/logos/nizuc.png]
[m.colincowie.com/featured-venuesc1eb.html]
[m.colincowie.com/venue-images/logos/oneworld.png]
[m.colincowie.com/featured-venues6e3c.html]
[m.colincowie.com/venue-images/logos/deervalley.png]
[m.colincowie.com/featured-venues27c2.html]
[m.colincowie.com/venue-images/logos/rosewood.png]
[m.colincowie.com/featured-venues.html]
[m.colincowie.com/img/mobile/08-testimonials.jpg]
[m.colincowie.com/img/cccc_x128.png]
[m.colincowie.com/testimonials.html]
[m.colincowie.com/weddings.html]
[m.colincowie.com/img/mobile/10-weddings.jpg]
[m.colincowie.com/img/partnership-label.jpg]
[m.colincowie.com/img/absolute-travel.jpg]
[m.colincowie.com/img/duca-sartoria.jpg]
[m.colincowie.com/img/eleven-james.jpg]
[m.colincowie.com/img/firsthand.jpg]
[m.colincowie.com/img/jw-marriott.jpg]
[m.colincowie.com/img/leading-hotels.jpg]
[m.colincowie.com/partnerships.html]
[m.colincowie.com/img/partyplus-label.jpg]
[m.colincowie.com/img/lalela.jpg]
[m.colincowie.com/img/ubuntu.jpg]
[m.colincowie.com/img/phelophepa.jpg]
[m.colincowie.com/img/infinite-family.jpg]
[m.colincowie.com/img/turningpoint.jpg]
[m.colincowie.com/img/one.jpg]
[m.colincowie.com/party-plus.html]
[m.colincowie.com/img/mobile/13-howwework.jpg]
[m.colincowie.com/how-we-work.html]
[m.colincowie.com/img/clients/full/img-hr.jpg]
[m.colincowie.com/img/clients/thumb/img-hardrock.jpg]
[m.colincowie.com/img/clients/full/img-hsn.jpg]
[m.colincowie.com/img/clients/thumb/img-hsn.jpg]
[m.colincowie.com/img/clients/full/img-pl.jpg]
[m.colincowie.com/img/clients/thumb/img-platinum.jpg]
[m.colincowie.com/img/clients/full/img-dp.jpg]
[m.colincowie.com/img/clients/thumb/img-dom.jpg]
[m.colincowie.com/img/clients/full/img-jw.jpg]
[m.colincowie.com/img/clients/thumb/img-jw.jpg]
[m.colincowie.com/img/clients/full/img-mh.jpg]
[m.colincowie.com/img/clients/thumb/img-mira.jpg]
[m.colincowie.com/img/clients/full/img-nj.jpg]
[m.colincowie.com/img/clients/thumb/img-netjets.jpg]
[m.colincowie.com/img/clients/full/img-bh.jpg]
[m.colincowie.com/img/clients/thumb/img-belvedere.jpg]
[m.colincowie.com/img/clients/full/img-rc.jpg]
[m.colincowie.com/img/clients/thumb/img-ritz.jpg]
[m.colincowie.com/img/clients/full/img-cc.jpg]
[m.colincowie.com/img/clients/thumb/img-core.jpg]
[m.colincowie.com/img/clients/full/img-ap.jpg]
[m.colincowie.com/img/clients/thumb/img-aude.jpg]
[m.colincowie.com/img/clients/full/img-ins.jpg]
[m.colincowie.com/img/clients/thumb/img-instyle.jpg]
[m.colincowie.com/img/videos/thumb/super-rich2.jpg]
[m.colincowie.com/img/videos/thumb/cc-todayshow.jpg]
[m.colincowie.com/img/videos/thumb/tdyshw-cc_oprah.jpg]
[m.colincowie.com/img/videos/thumb/power-pitch.jpg]
[m.colincowie.com/img/videos/thumb/colin-nateberkus.jpg]
[m.colincowie.com/img/videos/thumb/cc-cityguide.jpg]
[m.colincowie.com/corporate.html]
[m.colincowie.com/img/gallery_wed.jpg]
[m.colincowie.com/img/gallery_mile.jpg]
[m.colincowie.com/img/gallery_corp.jpg]
[m.colincowie.com/img/gallery_non.jpg]
[m.colincowie.com/img/gallery_consult.jpg]
[m.colincowie.com/img/gallery_all.jpg]
[m.colincowie.com/gallery.html]
[m.colincowie.com/about.html]
[m.colincowie.com/philanthropy.html]
[m.colincowie.com/jquery.ui.datepicker.mobile.css]
[code.jquery.com/ui/1.11.2/themes/smoothness/jquery-ui.css]
[m.colincowie.com/img/mobile/07-inquiry2.jpg]
[m.colincowie.com/js/jQuery.ui.datepicker.js]
[m.colincowie.com/event-inquiry.html]
[m.colincowie.com/contact.html]
[m.colincowie.com/slider/modernizr.js]
[m.colincowie.com/slider/jquery.refineslide.js]
[m.colincowie.com/js/classie.js]
[m.colincowie.com/js/sidebarEffects.js]
[m.colincowie.com/js/swipe.js]
[m.colincowie.com/js/mCSB_buttons.html]
[m.colincowie.com/photoswipe_clean/photoswipe-loader.gif]
[m.colincowie.com/photoswipe_clean/photoswipe-icons.png]
[m.colincowie.com/photoswipe_clean/photoswipe-icons@2x.png]
[m.colincowie.com/photoswipe_clean/photoswipe.css]
[m.colincowie.com/photoswipe_clean/lib/simple-inheritance.min.js]
[m.colincowie.com/photoswipe_clean/code-photoswipe-1.0.11.min.js]
[m.colincowie.com/featured-venues7ffe.html]
[m.colincowie.com/venue-images/dorado/1.jpg]
[code.jquery.com/jquery-1.10.2.js]
[m.colincowie.com/featured-venues335f.html]
[m.colincowie.com/venue-images/lesereno/1.jpg]
[m.colincowie.com/featured-venues69b0.html]
[m.colincowie.com/venue-images/ilsereno/1.jpg]
[code.jquery.com/ui/1.11.2/jquery-ui.js]
[m.colincowie.com/featured-venuesd059.html]
[m.colincowie.com/venue-images/nizuc/1.jpg]
[m.colincowie.com/featured-venues2dcb.html]
[m.colincowie.com/venue-images/oneworld/1.jpg]
[m.colincowie.com/featured-venuesc1eb.html]
[m.colincowie.com/venue-images/deervalley/1.jpg]
[m.colincowie.com/featured-venues6e3c.html]
[m.colincowie.com/venue-images/rosewood/1.jpg]
[m.colincowie.com/featured-venues27c2.html]
[m.colincowie.com/jquery.ui.datepicker.mobile.css]
[code.jquery.com/ui/1.11.2/themes/smoothness/images/ui-bg_flat_75_ffffff_40x100.png]
[code.jquery.com/ui/1.11.2/themes/smoothness/images/ui-bg_highlight-soft_75_cccccc_1x100.png]
[code.jquery.com/ui/1.11.2/themes/smoothness/images/ui-bg_glass_75_e6e6e6_1x400.png]
[code.jquery.com/ui/1.11.2/themes/smoothness/images/ui-bg_glass_75_dadada_1x400.png]
[code.jquery.com/ui/1.11.2/themes/smoothness/images/ui-bg_glass_65_ffffff_1x400.png]
[code.jquery.com/ui/1.11.2/themes/smoothness/images/ui-bg_glass_55_fbf9ee_1x400.png]
[code.jquery.com/ui/1.11.2/themes/smoothness/images/ui-bg_glass_95_fef1ec_1x400.png]
[code.jquery.com/ui/1.11.2/themes/smoothness/images/ui-icons_222222_256x240.png]
[code.jquery.com/ui/1.11.2/themes/smoothness/images/ui-icons_888888_256x240.png]
[code.jquery.com/ui/1.11.2/themes/smoothness/images/ui-icons_454545_256x240.png]
[code.jquery.com/ui/1.11.2/themes/smoothness/images/ui-icons_2e83ff_256x240.png]
[code.jquery.com/ui/1.11.2/themes/smoothness/images/ui-icons_cd0a0a_256x240.png]
[code.jquery.com/ui/1.11.2/themes/smoothness/images/ui-bg_flat_0_aaaaaa_40x100.png]
[code.jquery.com/ui/1.11.2/themes/smoothness/jquery-ui.css]
[m.colincowie.com/js/jquery.validate.html]
[m.colincowie.com/js/jQuery.ui.datepicker.js]
